<!DOCTYPE html><html lang="en"><head>
  <meta charset="UTF-8">
  <meta http-equiv="X-UA-Compatible" content="IE=edge">
  <meta name="viewport" content="width=device-width, initial-scale=1.0">
  <link rel="stylesheet" type="text/css" href="./report_style.css">
  <title class="headTitle">Coverage Report - lcov.info</title>
</head>

<body>
  <table width="100%" border="0" cellspacing="0" cellpadding="0">
    <tbody>
      <tr>
        <td class="title">Code Coverage Report</td>
      </tr>
      <tr>
        <td class="ruler" height="3px"></td>
      </tr>

      <tr>
        <td width="100%">
          <table cellpadding="1" border="0" width="100%">
            <tbody>
              <tr>
                <td width="10%" class="headerItem">Current view:</td>
                <td width="35%" class="headerValue currentFileName">
                  <a class="topLevelAnchor" href="./index.html">
                    top level
                  </a>
                  -
                  <a class="currentDirPath" href="index.html">test/src/commands/report/fixtures/fake_project_2/lib/src</a> - exception.dart</td>
                <td width="5%"></td>
                <td width="15%"></td>
                <td width="10%" class="headerCovTableHead">Hit</td>
                <td width="10%" class="headerCovTableHead">Total</td>
                <td width="15%" class="headerCovTableHead">Coverage</td>
              </tr>
              <tr>
                <td class="headerItem">Test:</td>
                <td class="headerValue tracefileName">lcov.info</td>
                <td></td>
                <td class="headerItem">Lines:</td>
                <td class="headerCovTableEntry linesHit">1</td>
                <td class="headerCovTableEntry linesFound">1</td>
                <td class="covValue headerCovTableEntryHi">100.00 %</td>
              </tr>
              <tr>
                <td class="headerItem">Date:</td>
                <td class="headerValue lastTracefileModificationDate">2021-11-26 02:47:07.000</td>
                <td></td>
                <td></td>
                <td></td>
                <td></td>
                <td></td>
              </tr>
              <tr>
                <td height="3px"></td>
              </tr>
            </tbody>
          </table>
        </td>
      </tr>

      <tr>
        <td class="ruler" height="3px"></td>
      </tr>
    </tbody>
  </table>

  <table cellpadding="0" cellspacing="0" border="0">
    <tbody>
      <tr>
        <td><br></td>
      </tr>
      <tr>
        <td>
          <pre class="sourceHeading">          Line data    Source code</pre>
          <pre class="source"><a name="replace.with.line.number"><span class="lineNum">       1 </span><span class="sourceLine">            : /// {@template custom_exception}</span>
</a><a name="replace.with.line.number"><span class="lineNum">       2 </span><span class="sourceLine">            : /// A fake custom exception.</span>
</a><a name="replace.with.line.number"><span class="lineNum">       3 </span><span class="sourceLine">            : /// {@endtemplate}</span>
</a><a name="replace.with.line.number"><span class="lineNum">       4 </span><span class="sourceLine">            : class CustomException implements Exception {</span>
</a><a name="replace.with.line.number"><span class="lineNum">       5 </span><span class="sourceLine">            :   /// {@macro custom_exception}</span>
</a><a name="replace.with.line.number"><span class="lineNum">       6 </span><span class="sourceLine lineCov">          1 :   const CustomException({</span>
</a><a name="replace.with.line.number"><span class="lineNum">       7 </span><span class="sourceLine">            :     required this.message,</span>
</a><a name="replace.with.line.number"><span class="lineNum">       8 </span><span class="sourceLine">            :   });</span>
</a><a name="replace.with.line.number"><span class="lineNum">       9 </span><span class="sourceLine">            : </span>
</a><a name="replace.with.line.number"><span class="lineNum">      10 </span><span class="sourceLine">            :   /// A fake exception message.</span>
</a><a name="replace.with.line.number"><span class="lineNum">      11 </span><span class="sourceLine">            :   final String message;</span>
</a><a name="replace.with.line.number"><span class="lineNum">      12 </span><span class="sourceLine">            : }</span>
</a></pre>
        </td>
      </tr>
    </tbody>
  </table>
  <br>

  <table width="100%" border="0" cellspacing="0" cellpadding="0">
    <tbody>
      <tr>
        <td class="ruler" height="3px"></td>
      </tr>
      <tr>
        <td class="versionInfo">
          Generated by:
          <a href="https://github.com/mrverdant13/coverde" target="_parent">
            coverde
          </a>
        </td>
      </tr>
    </tbody>
  </table>
  <br>



</body></html>