<!DOCTYPE html><html lang="en"><head>
  <meta charset="UTF-8">
  <meta http-equiv="X-UA-Compatible" content="IE=edge">
  <meta name="viewport" content="width=device-width, initial-scale=1.0">
  <link rel="stylesheet" type="text/css" href="report_style.css">
  <title class="headTitle">Coverage Report - lcov.info</title>
</head>

<body>
  <table width="100%" border="0" cellspacing="0" cellpadding="0">
    <tbody>
      <tr>
        <td class="title">Code Coverage Report</td>
      </tr>
      <tr>
        <td class="ruler" height="3px"></td>
      </tr>

      <tr>
        <td width="100%">
          <table cellpadding="1" border="0" width="100%">
            <tbody>
              <tr>
                <td height="3px"></td>
              </tr>
              <tr>
                <td width="10%" class="headerItem">Current view:</td>
                <td width="35%" class="headerValue currentDirPath">
                  <a class="topLevelAnchor" href="index.html">
                    top level
                  </a> - test/src/commands/report/fixtures/fake_project_1/project</td>
                <td width="5%"></td>
                <td width="15%"></td>
                <td width="10%" class="headerCovTableHead">Hit</td>
                <td width="10%" class="headerCovTableHead">Total</td>
                <td width="15%" class="headerCovTableHead">Coverage</td>
              </tr>
              <tr>
                <td class="headerItem">Test:</td>
                <td class="headerValue tracefileName">lcov.info</td>
                <td></td>
                <td class="headerItem">Lines:</td>
                <td class="headerCovTableEntry linesHit">5</td>
                <td class="headerCovTableEntry linesFound">9</td>
                <td class="covValue headerCovTableEntryLo">55.56 %</td>
              </tr>
              <tr>
                <td class="headerItem">Date:</td>
                <td class="headerValue lastTracefileModificationDate">2021-11-07 03:59:47.000</td>
                <td></td>
                <td></td>
                <td></td>
                <td></td>
                <td></td>
              </tr>
              <tr>
                <td height="3px"></td>
              </tr>
            </tbody>
          </table>
        </td>
      </tr>

      <tr>
        <td class="ruler" height="3px"></td>
      </tr>
    </tbody>
  </table>
  <br>
  <center>
    <table width="80%" cellpadding="1" cellspacing="1" border="0">
      <tbody class="covTableBody">
        <tr>
          <td width="60%"></td>
          <td width="15%"></td>
          <td width="10%"></td>
          <td width="15%"></td>
        </tr>
        <tr>
          <td class="tableHead">
            Source
            <span class="tableHeadSort">
              <img class="sortAlpha" src="sort_alpha.png" height="14" alt="Sort by name" title="Sort by name" border="0">
            </span>
          </td>
          <td class="tableHead" colspan="3">
            Coverage
            <span class="tableHeadSort">
              <a href="index-sort-l.html">
                <img class="sortNumeric" src="sort_numeric.png" height="14" alt="Sort by coverage" title="Sort by coverage" border="0">
              </a>
            </span>
          </td>
        </tr>
      <tr>
  <td class="coverFile">
    <a class="coverFileAnchor" href="dir_2/dir_1/index.html">dir_2/dir_1</a>
  </td>
  <td class="coverBar" align="center">
    <table class="barTable" width="100%" border="0" cellspacing="0" cellpadding="1">
      <tbody><tr>
        <td class="coverBarOutline">
          <table width="100%" height="10" border="0" cellspacing="0" cellpadding="0">
            <tbody><tr>
              <td width="50.00%" class="barCov barCovLo"></td>
              <td class="barBackground"></td>
            </tr>
          </tbody></table>
        </td>
      </tr>
    </tbody></table>
  </td>
  <td class="coverPer coverPerLo">50.00&nbsp;%</td>
  <td class="coverNum coverNumLo">3&nbsp;/&nbsp;6</td>
</tr><tr>
  <td class="coverFile">
    <a class="coverFileAnchor" href="dir_1/index.html">dir_1</a>
  </td>
  <td class="coverBar" align="center">
    <table class="barTable" width="100%" border="0" cellspacing="0" cellpadding="1">
      <tbody><tr>
        <td class="coverBarOutline">
          <table width="100%" height="10" border="0" cellspacing="0" cellpadding="0">
            <tbody><tr>
              <td width="66.67%" class="barCov barCovLo"></td>
              <td class="barBackground"></td>
            </tr>
          </tbody></table>
        </td>
      </tr>
    </tbody></table>
  </td>
  <td class="coverPer coverPerLo">66.67&nbsp;%</td>
  <td class="coverNum coverNumLo">2&nbsp;/&nbsp;3</td>
</tr></tbody>
    </table>
  </center>
  <br>

  <table width="100%" border="0" cellspacing="0" cellpadding="0">
    <tbody>
      <tr>
        <td class="ruler" height="3px"></td>
      </tr>
      <tr>
        <td class="versionInfo">
          Generated by:
          <a href="https://github.com/mrverdant13/coverde">
            coverde
          </a>
        </td>
      </tr>
    </tbody>
  </table>
  <br>


</body></html>